// Jest Snapshot v1, https://goo.gl/fbAQLP

exports[`Button renders correctly 1`] = `
.c0 {
  background: #c00;
  color: #fff;
  border-radius: 0.5rem;
  cursor: pointer;
  font-size: 1rem;
  padding: 0.5rem 1rem;
}

.c0:disabled {
  opacity: 0.25;
}

<button
  className="c0"
>
  Test
</button>
`;
